extractor: rct-extractor-v2 v5.0.0

=== PARADIGM-HF ===
   R1 RETRIEVED_NO_VALUE    9.5s 8 OA meta full texts retrieved, none yielded a scoped value for effect.all_cause_mortality
   R2 RETRIEVED_NO_VALUE    1.9s field path searched: resultsSection.outcomeMeasuresModule.outcomeMeasures[].analyses[]; 6 outcome measures posted; no analysis matched effect.all_caus
   R3 HIT                   5.3s epmc seeded 50 pmids; esearch 146 candidate pmids; 176 candidates fetched, 145 are the trial's own report; value from pmid 25176015 (2014, record carr
   R4 RETRIEVED_NO_VALUE    1.9s drugsfda: 5 applications ANDA213627,ANDA213604,ANDA213605,ANDA213611,NDA207620; review PDFs addressable at accessdata.fda.gov/drugsatfda_docs/nda/<yea
   R5 MISS                  0.1s field path searched: documentSection.largeDocumentModule.largeDocs; 0 posted documents  | a protocol/SAP states what will be MEASURED, not the result;
   -> MATCHED via R3_LITERATURE (trial_report)

=== SOLVD ===
   R1 RETRIEVED_NO_VALUE   21.0s 8 OA meta full texts retrieved, none yielded a scoped value for effect.all_cause_mortality
   R2 SKIPPED               0.0s no NCT id on the request
   R3 HIT                  31.1s epmc seeded 50 pmids; esearch 83 candidate pmids; 131 candidates fetched, 83 are the trial's own report; value from pmid 2057034 (1991, authored by th
   R4 RETRIEVED_NO_VALUE    1.2s drugsfda: 5 applications NDA018998,ANDA075909,ANDA213273,NDA019221,ANDA075657; review PDFs addressable at accessdata.fda.gov/drugsatfda_docs/nda/<year
   R5 SKIPPED               0.0s no NCT id
   -> MATCHED via R3_LITERATURE (trial_report)

=== DAPA-HF ===
   R1 RETRIEVED_NO_VALUE    9.1s 8 OA meta full texts retrieved, none yielded a scoped value for effect.all_cause_mortality
   R2 HIT                   0.1s resultsSection.outcomeMeasuresModule.outcomeMeasures[].analyses[]
   R3 HIT                   5.4s epmc seeded 50 pmids; esearch 101 candidate pmids; 137 candidates fetched, 101 are the trial's own report; value from pmid 32883108 (2020, record carr
   R4 RETRIEVED_NO_VALUE    1.4s drugsfda: 5 applications NDA205649,ANDA211468,ANDA211470,ANDA211478,ANDA211479; review PDFs addressable at accessdata.fda.gov/drugsatfda_docs/nda/<yea
   R5 RETRIEVED_NO_VALUE    0.1s field path searched: documentSection.largeDocumentModule.largeDocs; 2 posted documents Prot,SAP | a protocol/SAP states what will be MEASURED, not the
   -> MATCHED via R2_REGISTRY (registry_results)

=== EMPEROR-Reduced ===
   R1 RETRIEVED_NO_VALUE    9.0s 8 OA meta full texts retrieved, none yielded a scoped value for effect.all_cause_mortality
   R2 HIT                   0.1s resultsSection.outcomeMeasuresModule.outcomeMeasures[].analyses[]
   R3 HIT                   2.4s epmc seeded 50 pmids; esearch 61 candidate pmids; 97 candidates fetched, 61 are the trial's own report; value from pmid 35711093 (2022, record carries
   R4 RETRIEVED_NO_VALUE    1.3s drugsfda: 5 applications NDA206073,NDA206111,NDA212614,NDA204629,NDA208658; review PDFs addressable at accessdata.fda.gov/drugsatfda_docs/nda/<year>/<
   R5 RETRIEVED_NO_VALUE    0.1s field path searched: documentSection.largeDocumentModule.largeDocs; 2 posted documents Prot,SAP | a protocol/SAP states what will be MEASURED, not the
   -> MATCHED via R2_REGISTRY (registry_results)

=== EMPHASIS-HF ===
   R1 RETRIEVED_NO_VALUE    8.5s 8 OA meta full texts retrieved, none yielded a scoped value for effect.all_cause_mortality
   R2 HIT                   0.1s resultsSection.outcomeMeasuresModule.outcomeMeasures[].analyses[]
   R3 HIT                   3.0s epmc seeded 50 pmids; esearch 38 candidate pmids; 82 candidates fetched, 38 are the trial's own report; value from pmid 20388647 (2010, record carries
   R4 RETRIEVED_NO_VALUE    1.2s drugsfda: 5 applications ANDA206922,ANDA213812,ANDA214663,ANDA207842,NDA021437; review PDFs addressable at accessdata.fda.gov/drugsatfda_docs/nda/<yea
   R5 MISS                  0.1s field path searched: documentSection.largeDocumentModule.largeDocs; 0 posted documents  | a protocol/SAP states what will be MEASURED, not the result;
   -> MATCHED via R2_REGISTRY (registry_results)

=== RALES ===
   R1 RETRIEVED_NO_VALUE   19.7s 8 OA meta full texts retrieved, none yielded a scoped value for effect.all_cause_mortality
   R2 SKIPPED               0.0s no NCT id on the request
   R3 HIT                   6.8s epmc seeded 50 pmids; esearch 73 candidate pmids; 119 candidates fetched, 70 are the trial's own report; value from pmid 10589274 (1999, title names t
   R4 RETRIEVED_NO_VALUE    1.3s drugsfda: 5 applications ANDA217761,ANDA040424,NDA209478,ANDA089424,ANDA040750; review PDFs addressable at accessdata.fda.gov/drugsatfda_docs/nda/<yea
   R5 SKIPPED               0.0s no NCT id
   -> MATCHED via R3_LITERATURE (trial_report)

=== MERIT-HF ===
   R1 RETRIEVED_NO_VALUE   53.1s 8 OA meta full texts retrieved, none yielded a scoped value for effect.all_cause_mortality
   R2 SKIPPED               0.0s no NCT id on the request
   R3 HIT                  18.5s epmc seeded 50 pmids; esearch 41 candidate pmids; 90 candidates fetched, 40 are the trial's own report; value from pmid 10376614 (1999, title names th
   R4 RETRIEVED_NO_VALUE    3.5s drugsfda: 5 applications ANDA211143,ANDA203699,ANDA077739,NDA210428,ANDA200981; review PDFs addressable at accessdata.fda.gov/drugsatfda_docs/nda/<yea
   R5 SKIPPED               0.0s no NCT id
   -> MATCHED via R3_LITERATURE (trial_report)

=== CIBIS-II ===
   R1 RETRIEVED_NO_VALUE   29.3s 8 OA meta full texts retrieved, none yielded a scoped value for effect.all_cause_mortality
   R2 SKIPPED               0.0s no NCT id on the request
   R3 HIT                  24.0s epmc seeded 50 pmids; esearch 47 candidate pmids; 96 candidates fetched, 43 are the trial's own report; value from pmid 10023943 (1999, title names th
   R4 RETRIEVED_NO_VALUE    1.3s drugsfda: 5 applications ANDA217368,ANDA078635,ANDA215666,ANDA215680,ANDA075643; review PDFs addressable at accessdata.fda.gov/drugsatfda_docs/nda/<ye
   R5 SKIPPED               0.0s no NCT id
   -> MATCHED via R3_LITERATURE (trial_report)

==============================================================================
HFrEF BENCHMARK -- ground truth: C:\Projects\HFrEF-RUNIN-NMA.md (2026-07-16)
==============================================================================
  trial            human   ladder-verdict   rung             tier               got   hand
  PARADIGM-HF      L2      MATCHED          R3_LITERATURE    trial_report       0.84  0.84
  SOLVD            L2      MATCHED          R3_LITERATURE    trial_report       0.84  0.84
  DAPA-HF          L1      MATCHED          R2_REGISTRY      registry_results   0.83  0.83
  EMPEROR-Reduced  L1      MATCHED          R2_REGISTRY      registry_results   0.92  0.92
  EMPHASIS-HF      L1      MATCHED          R2_REGISTRY      registry_results   0.761 0.761
  RALES            L2      MATCHED          R3_LITERATURE    trial_report       0.7   0.7
  MERIT-HF         L2      MATCHED          R3_LITERATURE    trial_report       0.66  0.66
  CIBIS-II         L2      MATCHED          R3_LITERATURE    trial_report       0.66  0.66

  MATCHED    8/8   of the 8 data a human obtained by hand from open sources
  MISMATCHED 0/8   obtained a value, but not the hand value
  NOT_FOUND  0/8   the ladder did not obtain it -- a statement about THE LADDER, not about the evidence

DATA REQUESTED: 8 (one datum = one trial x one field)
FINAL STATES:
  OBTAINED                8/8

YIELD PER RUNG  (hit / reached -- reached is the denominator for THAT rung)
  rung                  hit  ret-no-val  miss  fail  skip   reached    sec     KB
  R1_PRIOR_META         0           8     0     0     0         8   159.1     64
  R2_REGISTRY           3           1     0     0     4         8     2.3   1508
  R3_LITERATURE         8           0     0     0     0         8    96.7  19519
  R4_REGULATORY         0           8     0     0     0         8    13.0   1416
  R5_PROTOCOL           0           2     2     0     4         8     0.4      3

'reached' is the denominator for its own rung: the number of data for which THIS RUNG ACTUALLY RAN. The ladder stops at the first hit, so a rung's denominator is the set still unfound when it was reached -- not n_data_requested. 'hit' counts data where a VALUE was extracted; 'retrieved_no_value' counts documents fetched that yielded none, and is reported separately because a retrieval count is not an evidence claim. 'failed' is a transport error and measures OUR REACH, not the source.

WRITE PATH (ladder_store.emit) -- kinds enumerated before the count:
  kinds: OBTAINED
  OBTAINED                  8/8
  ledger F:/tr-build/ladder/out\trial_values.jsonl

wrote F:/tr-build/ladder/out/hfref_bench_allrungs.json
