extractor: rct-extractor-v2 v5.0.0

=== HF-005 Captopril-Digoxin 1988 ===
   R0 IDENTITY  UNRESOLVED -- 12 candidates fetched, NONE is the trial's own report (all name it only in the abstract, i
   R1 MISS                  1.0s 0 OA meta-analyses naming this trial
   R2 SKIPPED               0.0s no NCT id on the request
   R3 RETRIEVED_NO_VALUE    1.0s epmc seeded 0 pmids; esearch 12 candidate pmids; 12 candidates fetched, 0 are the trial's own report
   R4 SKIPPED               0.0s no plan: no drug name and no substance annotation on the request
   R5 SKIPPED               0.0s no NCT id
   -> NOT_FOUND via -

=== HF-006 Beller 1995 ===
   R0 IDENTITY  pmid 8535917 (first-author surname 'beller' and year 1995 both match the l)
   R1 RETRIEVED_NO_VALUE    1.8s 2 of 2 OA meta full texts RETRIEVED (0 unobtainable); none of the 2 retrieved yielded a scoped value for counts.all_cause_mortalit
   R2 SKIPPED               0.0s no NCT id on the request
   R3 RETRIEVED_NO_VALUE    0.9s epmc seeded 7 pmids; esearch 36 candidate pmids; 44 candidates fetched, 36 are the trial's own report; no scoped value in any of t
   R4 SKIPPED               0.0s no plan: no drug name and no substance annotation on the request
   R5 SKIPPED               0.0s no NCT id
   -> NOT_FOUND via -

=== HF-007 van Veldhuisen 1998 ===
   R0 IDENTITY  pmid 9857856 (first-author surname 'veldhuisen' and year 1998 both match t)
      substances: Angiotensin-Converting Enzyme Inhibitors, Imidazoles, Imidazolidines, Natriuretic Peptide, Brain, Atrial Natriuretic Factor
   R1 RETRIEVED_NO_VALUE    2.5s 2 of 2 OA meta full texts RETRIEVED (0 unobtainable); none of the 2 retrieved yielded a scoped value for counts.all_cause_mortalit
   R2 SKIPPED               0.0s no NCT id on the request
   R3 RETRIEVED_NO_VALUE    0.7s epmc seeded 2 pmids; esearch 13 candidate pmids; 16 candidates fetched, 13 are the trial's own report; no scoped value in any of t
   R4 MISS                  5.8s none of 6 substance candidates is a generic_name openFDA knows: Angiotensin-Converting Enzyme Inhibitors, Imidazoles, Imidazolidin
   R5 SKIPPED               0.0s no NCT id
   -> NOT_FOUND via -

=== HF-008 SPICE ===
   R0 IDENTITY  pmid 10448027 (title names the trial)
      substances: Angiotensin-Converting Enzyme Inhibitors
   R1 RETRIEVED_NO_VALUE    5.9s 8 of 8 OA meta full texts RETRIEVED (0 unobtainable); none of the 8 retrieved yielded a scoped value for counts.all_cause_mortalit
   R2 SKIPPED               0.0s no NCT id on the request
   R3 RETRIEVED_NO_VALUE    2.0s epmc seeded 50 pmids; esearch 33 candidate pmids; 84 candidates fetched, 2 are the trial's own report; no scoped value in any of t
   R4 MISS                  0.2s none of 1 substance candidates is a generic_name openFDA knows: Angiotensin-Converting Enzyme Inhibitors
   R5 SKIPPED               0.0s no NCT id
   -> NOT_FOUND via -

=== HF-009 STRETCH ===
   R0 IDENTITY  pmid 9925362 (title names the trial)
      substances: Atrial Natriuretic Factor, Calcium, Calcium-Binding Proteins, Calcium-Transporting ATPases, RNA, Messenger
   R1 RETRIEVED_NO_VALUE    6.4s 8 of 8 OA meta full texts RETRIEVED (0 unobtainable); none of the 8 retrieved yielded a scoped value for counts.all_cause_mortalit
   R2 SKIPPED               0.0s no NCT id on the request
   R3 RETRIEVED_NO_VALUE    3.4s epmc seeded 50 pmids; esearch 100 candidate pmids; 151 candidates fetched, 5 are the trial's own report; no scoped value in any of
   R4 RETRIEVED_NO_VALUE    2.2s openFDA: 0 applications for Atrial Natriuretic Factor; openFDA recognises generic_name=Calcium; drugsfda: 5 applications ANDA20014
   R5 SKIPPED               0.0s no NCT id
   -> NOT_FOUND via -

=== HF-019 RESOLVD ===
   R0 IDENTITY  pmid 10477530 (title names the trial)
      substances: Angiotensin-Converting Enzyme Inhibitors, Benzimidazoles, Biphenyl Compounds, Drug Combinations, Hormones
   R1 RETRIEVED_NO_VALUE    4.3s 8 of 8 OA meta full texts RETRIEVED (0 unobtainable); none of the 8 retrieved yielded a scoped value for counts.all_cause_mortalit
   R2 SKIPPED               0.0s no NCT id on the request
   R3 RETRIEVED_NO_VALUE    1.6s epmc seeded 50 pmids; esearch 5 candidate pmids; 52 candidates fetched, 3 are the trial's own report; no scoped value in any of th
   R4 MISS                  5.3s none of 10 substance candidates is a generic_name openFDA knows: Angiotensin-Converting Enzyme Inhibitors, Benzimidazoles, Bipheny
   R5 SKIPPED               0.0s no NCT id
   -> NOT_FOUND via -

=== HF-052 Colucci 1996 ===
   R0 IDENTITY  pmid 8941105 (first-author surname 'colucci' and year 1996 both match the )
      substances: Adrenergic beta-Antagonists, Carbazoles, Propanolamines, Carvedilol
   R1 RETRIEVED_NO_VALUE    4.1s 2 of 2 OA meta full texts RETRIEVED (0 unobtainable); none of the 2 retrieved yielded a scoped value for counts.all_cause_mortalit
   R2 SKIPPED               0.0s no NCT id on the request
   R3 RETRIEVED_NO_VALUE    1.1s epmc seeded 8 pmids; esearch 51 candidate pmids; 60 candidates fetched, 51 are the trial's own report; no scoped value in any of t
   R4 RETRIEVED_NO_VALUE    4.4s openFDA: 0 applications for Adrenergic beta-Antagonists; openFDA: 0 applications for Carbazoles; openFDA: 0 applications for Propa
   R5 SKIPPED               0.0s no NCT id
   -> NOT_FOUND via -

=== HF-053 MOCHA ===
   R0 IDENTITY  pmid 8941106 (title names the trial)
      substances: Adrenergic beta-Antagonists, Carbazoles, Propanolamines, Carvedilol
   R1 RETRIEVED_NO_VALUE    7.8s 8 of 8 OA meta full texts RETRIEVED (0 unobtainable); none of the 8 retrieved yielded a scoped value for counts.all_cause_mortalit
   R2 SKIPPED               0.0s no NCT id on the request
   R3 RETRIEVED_NO_VALUE    1.9s epmc seeded 50 pmids; esearch 40 candidate pmids; 91 candidates fetched, 2 are the trial's own report; no scoped value in any of t
   R4 RETRIEVED_NO_VALUE    4.2s openFDA: 0 applications for Adrenergic beta-Antagonists; openFDA: 0 applications for Carbazoles; openFDA: 0 applications for Propa
   R5 SKIPPED               0.0s no NCT id
   -> NOT_FOUND via -

=== HF-054 PRECISE ===
   R0 IDENTITY  pmid 8941104 (title names the trial)
      substances: Adrenergic beta-Antagonists, Carbazoles, Placebos, Propanolamines, Carvedilol
   R1 RETRIEVED_NO_VALUE    6.4s 8 of 8 OA meta full texts RETRIEVED (0 unobtainable); none of the 8 retrieved yielded a scoped value for counts.all_cause_mortalit
   R2 SKIPPED               0.0s no NCT id on the request
   R3 RETRIEVED_NO_VALUE    3.7s epmc seeded 50 pmids; esearch 143 candidate pmids; 180 candidates fetched, 1 are the trial's own report; no scoped value in any of
   R4 RETRIEVED_NO_VALUE    5.2s openFDA: 0 applications for Adrenergic beta-Antagonists; openFDA: 0 applications for Carbazoles; openFDA: 0 applications for Place
   R5 SKIPPED               0.0s no NCT id
   -> NOT_FOUND via -

=== HF-055 Cohn 1997 ===
   R0 IDENTITY  pmid 9389394 (first-author surname 'cohn' and year 1997 both match the lab)
   R1 RETRIEVED_NO_VALUE    3.1s 4 of 4 OA meta full texts RETRIEVED (0 unobtainable); none of the 4 retrieved yielded a scoped value for counts.all_cause_mortalit
   R2 SKIPPED               0.0s no NCT id on the request
   R3 RETRIEVED_NO_VALUE    3.3s epmc seeded 32 pmids; esearch 120 candidate pmids; 153 candidates fetched, 120 are the trial's own report; no scoped value in any 
   R4 SKIPPED               0.0s no plan: no drug name and no substance annotation on the request
   R5 SKIPPED               0.0s no NCT id
   -> NOT_FOUND via -

==============================================================================
DONOR-SUPPLEMENT TEN -- per-arm counts, scored EXACTLY
==============================================================================
  id      trial                  identity   verdict      rung
  HF-005  Captopril-Digoxin 1988 None       NOT_FOUND    -
  HF-006  Beller 1995            8535917    NOT_FOUND    -
  HF-007  van Veldhuisen 1998    9857856    NOT_FOUND    -
  HF-008  SPICE                  10448027   NOT_FOUND    -
  HF-009  STRETCH                9925362    NOT_FOUND    -
  HF-019  RESOLVD                10477530   NOT_FOUND    -
  HF-052  Colucci 1996           8941105    NOT_FOUND    -
  HF-053  MOCHA                  8941106    NOT_FOUND    -
  HF-054  PRECISE                8941104    NOT_FOUND    -
  HF-055  Cohn 1997              9389394    NOT_FOUND    -

  STAGE 0  identity DEMONSTRATED   9/10   of the ten trials whose ledger row carries counts_source='donor supplement'
  STAGE 1  counts MATCHED exactly   0/10   same denominator
           counts MISMATCHED        0/10
           not found                10/10

DATA REQUESTED: 10 (one datum = one trial x one field)
FINAL STATES:
  NOT_YET_FOUND           10/10

YIELD PER RUNG  (hit / reached -- reached is the denominator for THAT rung)
  rung                  hit  ret-no-val  miss empty  fail  skip   reached    sec     KB
  R1_PRIOR_META         0           9     1     0     0     0        10    43.2   7762
  R2_REGISTRY           0           0     0     0     0    10        10     0.0      0
  R3_LITERATURE         0          10     0     0     0     0        10    19.6  16663
  R4_REGULATORY         0           4     3     0     0     3        10    27.4    518
  R5_PROTOCOL           0           0     0     0     0    10        10     0.0      0

'reached' is the denominator for its own rung: the number of data for which THIS RUNG ACTUALLY RAN. The ladder stops at the first hit, so a rung's denominator is the set still unfound when it was reached -- not n_data_requested. 'hit' counts data where a VALUE was extracted; 'retrieved_no_value' counts documents fetched that yielded none, and is reported separately because a retrieval count is not an evidence claim. 'empty' is a 200 with an empty body -- a rate limiter, never an empty source. 'failed' is a transport error and measures OUR REACH, not the source.

wrote F:/tr-build/ladder/out/donor10_era.json (50214 bytes)
