extractor: rct-extractor-v2 v5.0.0

=== HF-005 Captopril-Digoxin 1988 ===
   R0 IDENTITY  UNRESOLVED -- 12 candidates fetched, NONE is the trial's own report (all name it only in the abstract, i
   R1 MISS                  9.4s 0 OA meta-analyses naming this trial
   R2 SKIPPED               0.0s no NCT id on the request
   R3 RETRIEVED_NO_VALUE   11.0s epmc seeded 0 pmids; esearch 12 candidate pmids; 12 candidates fetched, 0 are the trial's own report
   R4 SKIPPED               0.0s no drug name on the request
   R5 SKIPPED               0.0s no NCT id
   -> NOT_FOUND via -

=== HF-006 Beller 1995 ===
   R0 IDENTITY  pmid 8535917 (first-author surname 'beller' and year 1995 both match the l)
   R1 RETRIEVED_NO_VALUE    6.2s 2 of 2 OA meta full texts RETRIEVED (0 unobtainable); none of the 2 retrieved yielded a scoped value for counts.all_cause_mortalit
   R2 SKIPPED               0.0s no NCT id on the request
   R3 RETRIEVED_NO_VALUE   23.6s epmc seeded 7 pmids; esearch 36 candidate pmids; 44 candidates fetched, 34 are the trial's own report; no scoped value in any of t
   R4 SKIPPED               0.0s no drug name on the request
   R5 SKIPPED               0.0s no NCT id
   -> NOT_FOUND via -

=== HF-007 van Veldhuisen 1998 ===
   R0 IDENTITY  UNRESOLVED -- 13 candidates fetched, NONE is the trial's own report (all name it only in the abstract, i
   R1 RETRIEVED_NO_VALUE   18.7s 2 of 2 OA meta full texts RETRIEVED (0 unobtainable); none of the 2 retrieved yielded a scoped value for counts.all_cause_mortalit
   R2 SKIPPED               0.0s no NCT id on the request
   R3 RETRIEVED_NO_VALUE   56.9s epmc seeded 2 pmids; esearch 13 candidate pmids; 15 candidates fetched, 0 are the trial's own report
   R4 SKIPPED               0.0s no drug name on the request
   R5 SKIPPED               0.0s no NCT id
   -> NOT_FOUND via -

=== HF-008 SPICE ===
   R0 IDENTITY  pmid 39957733 (title names the trial)
   R1 RETRIEVED_NO_VALUE   33.9s 8 of 8 OA meta full texts RETRIEVED (0 unobtainable); none of the 8 retrieved yielded a scoped value for counts.all_cause_mortalit
   R2 SKIPPED               0.0s no NCT id on the request
   R3 RETRIEVED_NO_VALUE   47.0s epmc seeded 50 pmids; esearch 147 candidate pmids; 180 candidates fetched, 148 are the trial's own report; no scoped value in any 
   R4 SKIPPED               0.0s no drug name on the request
   R5 SKIPPED               0.0s no NCT id
   -> NOT_FOUND via -

=== HF-009 STRETCH ===
   R0 IDENTITY  pmid 42518831 (title names the trial)
   R1 FAILED               26.3s http 503
   R2 SKIPPED               0.0s no NCT id on the request
   R3 RETRIEVED_NO_VALUE   31.6s epmc search 503; esearch 120 candidate pmids; 121 candidates fetched, 120 are the trial's own report; no scoped value in any of th
   R4 SKIPPED               0.0s no drug name on the request
   R5 SKIPPED               0.0s no NCT id
   -> NOT_FOUND via -

=== HF-019 RESOLVD ===
   R0 IDENTITY  pmid 10477530 (title names the trial)
   R1 RETRIEVED_NO_VALUE   63.1s 8 of 8 OA meta full texts RETRIEVED (0 unobtainable); none of the 8 retrieved yielded a scoped value for counts.all_cause_mortalit
   R2 SKIPPED               0.0s no NCT id on the request
   R3 RETRIEVED_NO_VALUE   14.1s epmc seeded 50 pmids; esearch 5 candidate pmids; 52 candidates fetched, 5 are the trial's own report; no scoped value in any of th
   R4 SKIPPED               0.0s no drug name on the request
   R5 SKIPPED               0.0s no NCT id
   -> NOT_FOUND via -

=== HF-052 Colucci 1996 ===
   R0 IDENTITY  pmid 8941105 (first-author surname 'colucci' and year 1996 both match the )
ia -

=== HF-053 MOCHA ===
   R0 IDENTITY  pmid 4448900 (title names the trial)
   R1 RETRIEVED_NO_VALUE   12.2s 8 of 8 OA meta full texts RETRIEVED (0 unobtainable); none of the 8 retrieved yielded a scoped value for counts.all_cause_mortalit
   R2 SKIPPED               0.0s no NCT id on the request
   R3 RETRIEVED_NO_VALUE   18.1s epmc seeded 50 pmids; esearch 98 candidate pmids; 137 candidates fetched, 98 are the trial's own report; no scoped value in any of
   R4 SKIPPED               0.0s no drug name on the request
   R5 SKIPPED               0.0s no NCT id
   -> NOT_FOUND via -

=== HF-054 PRECISE ===
   R0 IDENTITY  pmid 42667216 (title names the trial)
   R1 FAILED               25.9s http 503
   R2 SKIPPED               0.0s no NCT id on the request
   R3 RETRIEVED_NO_VALUE   78.1s epmc search 504; esearch 220 candidate pmids; 180 candidates fetched, 175 are the trial's own report; no scoped value in any of th
   R4 SKIPPED               0.0s no drug name on the request
   R5 SKIPPED               0.0s no NCT id
   -> NOT_FOUND via -

=== HF-055 Cohn 1997 ===
   R0 IDENTITY  UNRESOLVED -- esearch returned no candidates
