[run_new] methods=['NPE', 'PVS', 'PartialID'] cells=55 todo=55 done=0 reps=1000 procs=4
  [1/55] mu0.3_t20.05_k5_none (371.2s, degen=0) elapsed=376s eta=20315s
  [2/55] mu0.3_t20.05_k5_copas_weak (372.0s, degen=0) elapsed=377s eta=9999s
  [3/55] mu0.3_t20.05_k5_step_weak (372.5s, degen=0) elapsed=377s eta=6543s
  [4/55] mu0.3_t20.05_k5_step_strong (374.4s, degen=0) elapsed=380s eta=4840s
  [5/55] mu0.3_t20.05_k5_copas_strong (353.1s, degen=0) elapsed=729s eta=7293s
  [6/55] mu0.3_t20.05_k10_step_weak (361.8s, degen=0) elapsed=739s eta=6037s
  [7/55] mu0.3_t20.05_k10_none (365.9s, degen=0) elapsed=743s eta=5096s
  [8/55] mu0.3_t20.05_k10_step_strong (371.3s, degen=0) elapsed=751s eta=4411s
  [9/55] mu0.3_t20.05_k10_copas_weak (399.2s, degen=0) elapsed=1128s eta=5768s
  [10/55] mu0.3_t20.05_k10_copas_strong (401.6s, degen=0) elapsed=1141s eta=5134s
  [11/55] mu0.3_t20.05_k15_none (405.8s, degen=0) elapsed=1149s eta=4596s
  [12/55] mu0.3_t20.05_k15_step_weak (405.4s, degen=0) elapsed=1156s eta=4143s
  [13/55] mu0.3_t20.05_k15_copas_weak (590.3s, degen=0) elapsed=1731s eta=5593s
  [14/55] mu0.3_t20.05_k15_step_strong (604.9s, degen=0) elapsed=1734s eta=5077s
  [15/55] mu0.3_t20.05_k15_copas_strong (595.1s, degen=0) elapsed=1744s eta=4651s
  [16/55] mu0.3_t20.05_k25_none (606.5s, degen=0) elapsed=1763s eta=4296s
  [17/55] mu0.3_t20.05_k25_step_weak (777.6s, degen=0) elapsed=2509s eta=5608s
  [18/55] mu0.3_t20.05_k25_copas_weak (775.2s, degen=0) elapsed=2519s eta=5178s
  [19/55] mu0.3_t20.05_k25_copas_strong (782.9s, degen=0) elapsed=2546s eta=4823s
  [20/55] mu0.3_t20.05_k25_step_strong (821.0s, degen=0) elapsed=2554s eta=4470s
  [21/55] mu0.3_t20.05_k50_none (996.1s, degen=0) elapsed=3505s eta=5675s
  [22/55] mu0.3_t20.05_k50_step_weak (991.0s, degen=0) elapsed=3510s eta=5265s
  [23/55] mu0.3_t20.05_k50_copas_weak (980.7s, degen=0) elapsed=3535s eta=4918s
  [24/55] mu0.3_t20.05_k50_step_strong (1030.8s, degen=0) elapsed=3576s eta=4619s
  [25/55] mu0.3_t20.05_k50_copas_strong (1083.2s, degen=0) elapsed=4588s eta=5506s
  [26/55] mu0.3_t20.0_k15_none (1127.3s, degen=0) elapsed=4638s eta=5173s
  [27/55] mu0.3_t20.0_k15_step_weak (1141.8s, degen=0) elapsed=4677s eta=4850s
  [28/55] mu0.3_t20.0_k15_step_strong (1132.5s, degen=0) elapsed=4709s eta=4541s
  [29/55] mu0.3_t20.0_k15_copas_weak (898.2s, degen=0) elapsed=5486s eta=4919s
  [30/55] mu0.3_t20.0_k15_copas_strong (860.3s, degen=0) elapsed=5498s eta=4582s
  [31/55] mu0.3_t20.02_k15_none (876.5s, degen=0) elapsed=5553s eta=4299s
  [32/55] mu0.3_t20.02_k15_step_weak (865.8s, degen=0) elapsed=5575s eta=4007s
  [33/55] mu0.3_t20.02_k15_step_strong (829.6s, degen=0) elapsed=6316s eta=4211s
  [34/55] mu0.3_t20.02_k15_copas_weak (830.1s, degen=0) elapsed=6328s eta=3908s
  [35/55] mu0.3_t20.08_k15_none (773.8s, degen=0) elapsed=6349s eta=3628s
  [36/55] mu0.3_t20.02_k15_copas_strong (820.7s, degen=0) elapsed=6374s eta=3364s
  [37/55] mu0.3_t20.08_k15_step_weak (752.9s, degen=0) elapsed=7069s eta=3439s
  [38/55] mu0.3_t20.08_k15_copas_weak (745.9s, degen=0) elapsed=7094s eta=3174s
  [39/55] mu0.3_t20.08_k15_step_strong (780.9s, degen=0) elapsed=7109s eta=2916s
  [40/55] mu0.3_t20.08_k15_copas_strong (764.5s, degen=0) elapsed=7139s eta=2677s
  [41/55] mu0.3_t20.2_k15_none (695.8s, degen=0) elapsed=7765s eta=2651s
  [42/55] mu0.3_t20.2_k15_step_weak (689.4s, degen=0) elapsed=7784s eta=2409s
  [43/55] mu0.3_t20.2_k15_copas_weak (692.6s, degen=0) elapsed=7831s eta=2185s
  [44/55] mu0.3_t20.2_k15_step_strong (725.6s, degen=0) elapsed=7835s eta=1959s
  [45/55] mu0.3_t20.2_k15_copas_strong (696.5s, degen=0) elapsed=8461s eta=1880s
  [46/55] mu0.0_t20.05_k10_none (752.6s, degen=0) elapsed=8537s eta=1670s
  [47/55] mu0.0_t20.05_k10_step_weak (755.3s, degen=0) elapsed=8587s eta=1462s
  [48/55] mu0.0_t20.05_k10_step_strong (756.6s, degen=0) elapsed=8591s eta=1253s
  [49/55] mu0.0_t20.05_k10_copas_weak (779.6s, degen=0) elapsed=9241s eta=1132s
  [50/55] mu0.0_t20.05_k10_copas_strong (790.7s, degen=0) elapsed=9327s eta=933s
  [51/55] mu0.0_t20.05_k25_none (802.7s, degen=0) elapsed=9389s eta=736s
  [52/55] mu0.0_t20.05_k25_step_weak (799.8s, degen=0) elapsed=9391s eta=542s
  [53/55] mu0.0_t20.05_k25_step_strong (613.2s, degen=0) elapsed=9854s eta=372s
  [54/55] mu0.0_t20.05_k25_copas_weak (601.2s, degen=0) elapsed=9928s eta=184s
  [55/55] mu0.0_t20.05_k25_copas_strong (592.8s, degen=0) elapsed=9982s eta=0s
[run_new] done in 9982s -> F:\allmeta\truth-recovery-bench\results_new.json
